
Allocating common symbols
Common symbol       size              file

IntTable            0x400             processore/idt.o
downbuffer          0xfa0             io/video.o
mem_bitmap          0x20000           mem/fismem.o
upbuffer            0xfa0             io/video.o
IDT_Table           0x800             processore/idt.o
cpu_vendor          0xc               kernel.o
tot_mem             0x4               mem/fismem.o
slave_cur_mask      0x1               hardware/pic8259.o
current_page_dir    0x4               mem/paging.o
Gdt_Table           0x10000           processore/gdt.o
current_pos         0x4               processore/gdt.o
current_page_table  0x4               kernel.o
master_cur_mask     0x1               hardware/pic8259.o
bmp_elements        0x4               mem/fismem.o
binvp               0x3fc             io/video.o
shareHandler        0x40              processore/handlers.o

Memory Configuration

Name             Origin             Length             Attributes
*default*        0x0000000000000000 0xffffffffffffffff

Linker script and memory map


.text           0x0000000000100000     0x5000
                0x0000000000100000                code = .
                0x0000000000100000                _code = .
                0x0000000000100000                __code = .
 *(.text)
 .text          0x0000000000100000       0x29 bl.img
                0x0000000000100000                mboot
                0x0000000000100020                start
 *fill*         0x0000000000100029        0x3 00
 .text          0x000000000010002c      0x1a2 kernel.o
                0x000000000010003d                main_loop
                0x000000000010002c                _start
 *fill*         0x00000000001001ce        0x2 00
 .text          0x00000000001001d0      0xa2c io/video.o
                0x0000000000100b7d                _kscrolldown
                0x00000000001001d0                _kputc
                0x0000000000100215                _kputs
                0x00000000001002b1                _kbackspace
                0x0000000000100a46                _krotate_buffer
                0x00000000001003fb                _ksetcursauto
                0x000000000010029a                _kcolor
                0x0000000000100539                _kdecbin
                0x00000000001003ca                _ksetcursor
                0x000000000010048d                _kprintOK
                0x00000000001002c7                _ktab
                0x00000000001002d5                _kgoto
                0x0000000000100370                _knewline
                0x0000000000100aca                _kscrollup
                0x0000000000100303                _kclear
                0x00000000001004ff                _kgetline
                0x000000000010087b                _kntos
                0x00000000001004b5                _kgetcolumn
                0x0000000000100602                _kntohex
                0x000000000010096c                _kshiftAll
 .text          0x0000000000100bfc      0x658 drivers/keyboard.o
                0x00000000001010bf                _ksetleds
                0x00000000001011fa                _kgetch
                0x00000000001011df                keyboard_disable
                0x00000000001011c4                keyboard_enable
                0x0000000000100bfc                keyboard_isr
 .text          0x0000000000101254      0x1a6 libc/ctype.o
                0x000000000010132a                islower
                0x000000000010137a                tolower
                0x00000000001012ef                isxdigit
                0x0000000000101352                isupper
                0x000000000010127c                isalpha
                0x00000000001012b2                isalnum
                0x0000000000101254                isdigit
                0x00000000001013ba                toupper
 *fill*         0x00000000001013fa        0x2 00
 .text          0x00000000001013fc      0x318 libc/string.o
                0x000000000010158e                strstr
                0x00000000001013fc                strncpy
                0x0000000000101615                strtok
                0x00000000001016a7                strncat
                0x0000000000101517                strdup
                0x00000000001014e0                memset
                0x0000000000101461                _kstrncmp
                0x0000000000101437                strlen
                0x000000000010156a                strchr
 .text          0x0000000000101714       0x24 io/io.o
                0x0000000000101714                inportb
                0x000000000010172e                outportb
 .text          0x0000000000101738      0x655 libc/stdio.o
                0x0000000000101738                putchar
                0x0000000000101847                printf
                0x0000000000101c37                gets
                0x0000000000101c1c                getchar
                0x0000000000101cac                scanf
                0x0000000000101753                atoi
 *fill*         0x0000000000101d8d        0x3 00
 .text          0x0000000000101d90      0x18c hardware/cpuid.o
                0x0000000000101d90                get_cpuid
 .text          0x0000000000101f1c       0x61 hardware/keyboard.o
                0x0000000000101f1c                keyboard_irq
 *fill*         0x0000000000101f7d        0x3 00
 .text          0x0000000000101f80      0x214 processore/gdt.o
                0x000000000010209e                add_GDTseg
                0x0000000000101f80                init_gdt
                0x000000000010214a                set_gdtr
 .text          0x0000000000102194      0x790 processore/idt.o
                0x0000000000102887                add_IDTseg
                0x00000000001024c9                init_idt
                0x00000000001028fc                set_idtr
 .text          0x0000000000102924      0x33c processore/handlers.o
                0x0000000000102924                init_funcTable
                0x0000000000102bc6                _irqinterrupt
                0x00000000001029a7                _globalException
                0x0000000000102997                add_Interrupt
                0x0000000000102c4f                _int_rsv
 .text          0x0000000000102c60      0x859 hardware/pic8259.o
                0x0000000000102e91                init_IRQ
                0x0000000000102fef                setup_IRQ
                0x000000000010330e                disable_IRQ
                0x00000000001033f0                add_IRQ_handler
                0x0000000000103236                enable_IRQ
                0x00000000001033be                get_current_irq
 *fill*         0x00000000001034b9        0x3 00
 .text          0x00000000001034bc      0x610 mem/fismem.o
                0x00000000001034bc                init_mem
                0x0000000000103583                request_pages
                0x0000000000103923                add_memarea_element
                0x0000000000103a40                get_numpages
                0x0000000000103a3a                get_memsize
                0x0000000000103a66                malloc
                0x0000000000103a53                get_bmpelements
                0x00000000001036e5                release_pages
                0x0000000000103a1e                calcola_memoria
                0x0000000000103aa9                free
 .text          0x0000000000103acc      0x31e mem/paging.o
                0x0000000000103c29                create_pageTable
                0x0000000000103acc                init_paging
                0x0000000000103d5d                get_pagedir_entry
                0x0000000000103c0e                create_pageDir
                0x0000000000103da4                load_pdbr
                0x0000000000103d0b                set_pagetable_entry_ric
                0x0000000000103d7a                get_pagetable_entry
                0x0000000000103c44                set_pagedir_entry
                0x0000000000103c85                set_pagedir_entry_ric
                0x0000000000103cca                set_pagetable_entry
 *fill*         0x0000000000103dea        0x2 00
 .text          0x0000000000103dec       0x9f mem/kheap.o
                0x0000000000103dec                kmalloc
                0x0000000000103e0e                make_heap
 *fill*         0x0000000000103e8b        0x1 00
 .text          0x0000000000103e8c       0xcc misc/ordered_array.o
                0x0000000000103f0a                insert_array
                0x0000000000103e8c                new_array
 .text          0x0000000000103f58       0xdd system/syscall.o
                0x0000000000103f7a                syscall_init
                0x0000000000103f58                sysputch
                0x0000000000103fb0                syscall_handler
 *fill*         0x0000000000104035        0x3 00
 .text          0x0000000000104038      0x11e hardware/8253.o
                0x0000000000104127                sleep
                0x0000000000104038                PIT_handler
                0x00000000001040be                configure_PIT
 *fill*         0x0000000000104156        0x2 00
 .text          0x0000000000104158      0x440 shell/shell.o
                0x000000000010419c                info
                0x000000000010432f                shell
                0x000000000010418a                poweroff
                0x0000000000104177                help
                0x0000000000104158                logo
                0x0000000000105000                . = ALIGN (0x1000)
 *fill*         0x0000000000104598      0xa68 00

.rel.dyn        0x0000000000105000        0x0
 .rel.text      0x0000000000000000        0x0 bl.img
 .rel.data      0x0000000000000000        0x0 bl.img

.data           0x0000000000105000     0x1000
                0x0000000000105000                data = .
                0x0000000000105000                _data = .
                0x0000000000105000                __data = .
 *(.data)
 .data          0x0000000000105000        0x0 kernel.o
 .data          0x0000000000105000        0x9 io/video.o
                0x0000000000105004                VIDEO_PTR
                0x0000000000105008                VIDEO_CLR
                0x0000000000105000                VIDEO_MEM
 *fill*         0x0000000000105009       0x17 00
 .data          0x0000000000105020      0x2f8 drivers/keyboard.o
 .data          0x0000000000105318        0x0 libc/ctype.o
 .data          0x0000000000105318        0x0 libc/string.o
 .data          0x0000000000105318        0x0 io/io.o
 .data          0x0000000000105318        0x0 libc/stdio.o
 .data          0x0000000000105318        0x0 hardware/cpuid.o
 .data          0x0000000000105318        0x0 hardware/keyboard.o
 .data          0x0000000000105318        0x0 processore/gdt.o
 .data          0x0000000000105318        0x0 processore/idt.o
 .data          0x0000000000105318        0x0 processore/handlers.o
 .data          0x0000000000105318        0x0 hardware/pic8259.o
 .data          0x0000000000105318        0xc mem/fismem.o
                0x0000000000105318                prova2
                0x000000000010531c                mem_info_root
                0x0000000000105320                mem_info
 .data          0x0000000000105324        0x0 mem/paging.o
 .data          0x0000000000105324        0x4 mem/kheap.o
                0x0000000000105324                address_cur
 .data          0x0000000000105328        0x0 misc/ordered_array.o
 .data          0x0000000000105328        0x4 system/syscall.o
                0x0000000000105328                syscall_table
 .data          0x000000000010532c        0x0 hardware/8253.o
 .data          0x000000000010532c        0x0 shell/shell.o
 *(.rodata)
 .rodata        0x000000000010532c       0xf7 kernel.o
 .rodata        0x0000000000105423       0x5f io/video.o
 .rodata        0x0000000000105482       0x10 drivers/keyboard.o
 .rodata        0x0000000000105492        0x2 libc/stdio.o
 .rodata        0x0000000000105494       0x3e hardware/cpuid.o
 .rodata        0x00000000001054d2       0x1d hardware/keyboard.o
 *fill*         0x00000000001054ef        0x1 00
 .rodata        0x00000000001054f0      0x23e processore/handlers.o
 *fill*         0x000000000010572e        0x2 00
 .rodata        0x0000000000105730       0x8a mem/fismem.o
 *fill*         0x00000000001057ba        0x2 00
 .rodata        0x00000000001057bc       0x23 mem/paging.o
 .rodata        0x00000000001057df       0x1e misc/ordered_array.o
 *fill*         0x00000000001057fd        0x3 00
 .rodata        0x0000000000105800      0x35b shell/shell.o
                0x0000000000106000                . = ALIGN (0x1000)
 *fill*         0x0000000000105b5b      0x4a5 00

.bss            0x0000000000106000    0x33fec
                0x0000000000106000                bss = .
                0x0000000000106000                _bss = .
                0x0000000000106000                __bss = .
 *(.bss)
 .bss           0x0000000000106000        0x0 kernel.o
 .bss           0x0000000000106000       0x10 io/video.o
                0x0000000000106004                is_shifted_once
                0x0000000000106000                is_scrolled
                0x000000000010600c                resulthex
                0x0000000000106008                binlen
 *fill*         0x0000000000106010       0x10 00
 .bss           0x0000000000106020      0x434 drivers/keyboard.o
 .bss           0x0000000000106454        0x0 libc/ctype.o
 .bss           0x0000000000106454        0x4 libc/string.o
 .bss           0x0000000000106458        0x0 io/io.o
 .bss           0x0000000000106458        0x0 libc/stdio.o
 .bss           0x0000000000106458        0x0 hardware/cpuid.o
 .bss           0x0000000000106458        0x0 hardware/keyboard.o
 .bss           0x0000000000106458        0x0 processore/gdt.o
 .bss           0x0000000000106458        0x0 processore/idt.o
 .bss           0x0000000000106458        0x0 processore/handlers.o
 .bss           0x0000000000106458        0x0 hardware/pic8259.o
 .bss           0x0000000000106458        0x4 mem/fismem.o
                0x0000000000106458                num_pages
 .bss           0x000000000010645c        0x0 mem/paging.o
 .bss           0x000000000010645c        0x4 mem/kheap.o
                0x000000000010645c                kheap
 .bss           0x0000000000106460        0x0 misc/ordered_array.o
 .bss           0x0000000000106460        0x0 system/syscall.o
 .bss           0x0000000000106460        0x8 hardware/8253.o
 .bss           0x0000000000106468        0x0 shell/shell.o
                0x0000000000107000                . = ALIGN (0x1000)
 *fill*         0x0000000000106468      0xb98 00
 COMMON         0x0000000000107000       0x10 kernel.o
                0x0000000000107000                cpu_vendor
                0x000000000010700c                current_page_table
 *fill*         0x0000000000107010       0x10 00
 COMMON         0x0000000000107020     0x233c io/video.o
                0x0000000000107020                downbuffer
                0x0000000000107fc0                upbuffer
                0x0000000000108f60                binvp
 *fill*         0x000000000010935c        0x4 00
 COMMON         0x0000000000109360    0x10004 processore/gdt.o
                0x0000000000109360                Gdt_Table
                0x0000000000119360                current_pos
 *fill*         0x0000000000119364       0x1c 00
 COMMON         0x0000000000119380      0xc00 processore/idt.o
                0x0000000000119380                IntTable
                0x0000000000119780                IDT_Table
 COMMON         0x0000000000119f80       0x40 processore/handlers.o
                0x0000000000119f80                shareHandler
 COMMON         0x0000000000119fc0        0x2 hardware/pic8259.o
                0x0000000000119fc0                slave_cur_mask
                0x0000000000119fc1                master_cur_mask
 *fill*         0x0000000000119fc2       0x1e 00
 COMMON         0x0000000000119fe0    0x20008 mem/fismem.o
                0x0000000000119fe0                mem_bitmap
                0x0000000000139fe0                tot_mem
                0x0000000000139fe4                bmp_elements
 COMMON         0x0000000000139fe8        0x4 mem/paging.o
                0x0000000000139fe8                current_page_dir
                0x0000000000139fec                end = .
                0x0000000000139fec                _end = .
                0x0000000000139fec                __end = .
LOAD bl.img
LOAD kernel.o
LOAD io/video.o
LOAD drivers/keyboard.o
LOAD libc/ctype.o
LOAD libc/string.o
LOAD io/io.o
LOAD libc/stdio.o
LOAD hardware/cpuid.o
LOAD hardware/keyboard.o
LOAD processore/gdt.o
LOAD processore/idt.o
LOAD processore/handlers.o
LOAD hardware/pic8259.o
LOAD mem/fismem.o
LOAD mem/paging.o
LOAD mem/kheap.o
LOAD misc/ordered_array.o
LOAD system/syscall.o
LOAD hardware/8253.o
LOAD shell/shell.o
Address of section .text set to 0x100000
OUTPUT(kernel.bin elf32-i386)

.comment        0x0000000000000000      0x263
 .comment       0x0000000000000000       0x1f bl.img
 .comment       0x000000000000001f       0x1d kernel.o
 .comment       0x000000000000003c       0x1d io/video.o
 .comment       0x0000000000000059       0x1d drivers/keyboard.o
 .comment       0x0000000000000076       0x1d libc/ctype.o
 .comment       0x0000000000000093       0x1d libc/string.o
 .comment       0x00000000000000b0       0x1d io/io.o
 .comment       0x00000000000000cd       0x1d libc/stdio.o
 .comment       0x00000000000000ea       0x1d hardware/cpuid.o
 .comment       0x0000000000000107       0x1d hardware/keyboard.o
 .comment       0x0000000000000124       0x1d processore/gdt.o
 .comment       0x0000000000000141       0x1d processore/idt.o
 .comment       0x000000000000015e       0x1d processore/handlers.o
 .comment       0x000000000000017b       0x1d hardware/pic8259.o
 .comment       0x0000000000000198       0x1d mem/fismem.o
 .comment       0x00000000000001b5       0x1d mem/paging.o
 .comment       0x00000000000001d2       0x1d mem/kheap.o
 .comment       0x00000000000001ef       0x1d misc/ordered_array.o
 .comment       0x000000000000020c       0x1d system/syscall.o
 .comment       0x0000000000000229       0x1d hardware/8253.o
 .comment       0x0000000000000246       0x1d shell/shell.o

.note.GNU-stack
                0x0000000000000000        0x0
 .note.GNU-stack
                0x0000000000000000        0x0 kernel.o
 .note.GNU-stack
                0x0000000000000000        0x0 io/video.o
 .note.GNU-stack
                0x0000000000000000        0x0 drivers/keyboard.o
 .note.GNU-stack
                0x0000000000000000        0x0 libc/ctype.o
 .note.GNU-stack
                0x0000000000000000        0x0 libc/string.o
 .note.GNU-stack
                0x0000000000000000        0x0 io/io.o
 .note.GNU-stack
                0x0000000000000000        0x0 libc/stdio.o
 .note.GNU-stack
                0x0000000000000000        0x0 hardware/cpuid.o
 .note.GNU-stack
                0x0000000000000000        0x0 hardware/keyboard.o
 .note.GNU-stack
                0x0000000000000000        0x0 processore/gdt.o
 .note.GNU-stack
                0x0000000000000000        0x0 processore/idt.o
 .note.GNU-stack
                0x0000000000000000        0x0 processore/handlers.o
 .note.GNU-stack
                0x0000000000000000        0x0 hardware/pic8259.o
 .note.GNU-stack
                0x0000000000000000        0x0 mem/fismem.o
 .note.GNU-stack
                0x0000000000000000        0x0 mem/paging.o
 .note.GNU-stack
                0x0000000000000000        0x0 mem/kheap.o
 .note.GNU-stack
                0x0000000000000000        0x0 misc/ordered_array.o
 .note.GNU-stack
                0x0000000000000000        0x0 system/syscall.o
 .note.GNU-stack
                0x0000000000000000        0x0 hardware/8253.o
 .note.GNU-stack
                0x0000000000000000        0x0 shell/shell.o
