
Allocating common symbols
Common symbol       size              file

IntTable            0x400             processore/idt.o
downbuffer          0xfa0             io/video.o
mem_bitmap          0x20000           mem/fismem.o
upbuffer            0xfa0             io/video.o
IDT_Table           0x800             processore/idt.o
cpu_vendor          0xc               kernel.o
tot_mem             0x4               mem/fismem.o
slave_cur_mask      0x1               hardware/pic8259.o
current_page_dir    0x4               mem/paging.o
Gdt_Table           0x10000           processore/gdt.o
current_pos         0x4               processore/gdt.o
current_page_table  0x4               kernel.o
master_cur_mask     0x1               hardware/pic8259.o
bmp_elements        0x4               mem/fismem.o
binvp               0x3fc             io/video.o
shareHandler        0x40              processore/handlers.o

Memory Configuration

Name             Origin             Length             Attributes
*default*        0x0000000000000000 0xffffffffffffffff

Linker script and memory map

                0x0000000000100000                . = 0x100000

.text           0x0000000000100000     0x3edb
 *(.text)
 .text          0x0000000000100000       0x1d bl.img
                0x0000000000100000                mboot
                0x0000000000100014                start
 *fill*         0x000000000010001d        0x3 00
 .text          0x0000000000100020      0x1b2 kernel.o
                0x0000000000100034                main_loop
                0x0000000000100020                _start
 *fill*         0x00000000001001d2        0x2 00
 .text          0x00000000001001d4      0x9d1 io/video.o
                0x0000000000100b2a                _kscrolldown
                0x00000000001001d4                _kputc
                0x0000000000100216                _kputs
                0x00000000001002b0                _kbackspace
                0x00000000001009ff                _krotate_buffer
                0x00000000001003ed                _ksetcursauto
                0x000000000010029a                _kcolor
                0x00000000001004fd                _kdecbin
                0x00000000001003bc                _ksetcursor
                0x000000000010044f                _kprintOK
                0x00000000001002c6                _ktab
                0x00000000001002d4                _kgoto
                0x0000000000100369                _knewline
                0x0000000000100a80                _kscrollup
                0x0000000000100302                _kclear
                0x00000000001004c3                _kgetline
                0x0000000000100841                _kntos
                0x0000000000100479                _kgetcolumn
                0x00000000001005d4                _kntohex
                0x0000000000100930                _kshiftAll
 *fill*         0x0000000000100ba5        0x3 00
 .text          0x0000000000100ba8      0x5b5 drivers/keyboard.o
                0x0000000000100fd9                _ksetleds
                0x0000000000101105                _kgetch
                0x00000000001010ec                keyboard_disable
                0x00000000001010d3                keyboard_enable
                0x0000000000100ba8                keyboard_isr
 *fill*         0x000000000010115d        0x3 00
 .text          0x0000000000101160      0x19a libc/ctype.o
                0x0000000000101230                islower
                0x0000000000101280                tolower
                0x00000000001011f8                isxdigit
                0x0000000000101258                isupper
                0x0000000000101188                isalpha
                0x00000000001011be                isalnum
                0x0000000000101160                isdigit
                0x00000000001012bd                toupper
 *fill*         0x00000000001012fa        0x2 00
 .text          0x00000000001012fc      0x2eb libc/string.o
                0x0000000000101477                strstr
                0x00000000001012fc                strncpy
                0x00000000001014f3                strtok
                0x000000000010157d                strncat
                0x0000000000101406                strdup
                0x00000000001013d0                memset
                0x000000000010135c                _kstrncmp
                0x0000000000101335                strlen
                0x0000000000101456                strchr
 *fill*         0x00000000001015e7        0x1 00
 .text          0x00000000001015e8       0x23 io/io.o
                0x00000000001015e8                inportb
                0x0000000000101601                outportb
 *fill*         0x000000000010160b        0x1 00
 .text          0x000000000010160c      0x632 libc/stdio.o
                0x000000000010160c                putchar
                0x0000000000101716                printf
                0x0000000000101aea                gets
                0x0000000000101acf                getchar
                0x0000000000101b5d                scanf
                0x0000000000101626                atoi
 *fill*         0x0000000000101c3e        0x2 00
 .text          0x0000000000101c40      0x18c hardware/cpuid.o
                0x0000000000101c40                get_cpuid
 .text          0x0000000000101dcc       0x67 hardware/keyboard.o
                0x0000000000101dcc                keyboard_irq
 *fill*         0x0000000000101e33        0x1 00
 .text          0x0000000000101e34      0x1d0 processore/gdt.o
                0x0000000000101f10                add_GDTseg
                0x0000000000101e34                init_gdt
                0x0000000000101fbb                set_gdtr
 .text          0x0000000000102004      0x65d processore/idt.o
                0x00000000001025c5                add_IDTseg
                0x0000000000102339                init_idt
                0x0000000000102639                set_idtr
 *fill*         0x0000000000102661        0x3 00
 .text          0x0000000000102664      0x39f processore/handlers.o
                0x0000000000102664                init_funcTable
                0x000000000010295c                _irqinterrupt
                0x00000000001026e6                _globalException
                0x00000000001026d6                add_Interrupt
                0x00000000001029ee                _int_rsv
 *fill*         0x0000000000102a03        0x1 00
 .text          0x0000000000102a04      0x747 hardware/pic8259.o
                0x0000000000102c35                init_IRQ
                0x0000000000102d71                setup_IRQ
                0x0000000000102fac                disable_IRQ
                0x000000000010308c                add_IRQ_handler
                0x0000000000102ed8                enable_IRQ
                0x000000000010305e                get_current_irq
 *fill*         0x000000000010314b        0x1 00
 .text          0x000000000010314c      0x628 mem/fismem.o
                0x000000000010314c                init_mem
                0x0000000000103210                request_pages
                0x00000000001035d0                add_memarea_element
                0x00000000001036e6                get_numpages
                0x00000000001036e0                get_memsize
                0x000000000010370c                malloc
                0x00000000001036f9                get_bmpelements
                0x000000000010336b                release_pages
                0x00000000001036c4                calcola_memoria
                0x000000000010374a                free
 .text          0x0000000000103774      0x2ca mem/paging.o
                0x0000000000103882                create_pageTable
                0x0000000000103774                init_paging
                0x00000000001039b1                get_pagedir_entry
                0x000000000010386c                create_pageDir
                0x00000000001039f8                load_pdbr
                0x000000000010395f                set_pagetable_entry_ric
                0x00000000001039ce                get_pagetable_entry
                0x0000000000103898                set_pagedir_entry
                0x00000000001038d9                set_pagedir_entry_ric
                0x000000000010391e                set_pagetable_entry
 *fill*         0x0000000000103a3e        0x2 00
 .text          0x0000000000103a40       0xba system/syscall.o
                0x0000000000103a40                sysputch
                0x0000000000103a66                syscall_handler
 *fill*         0x0000000000103afa        0x2 00
 .text          0x0000000000103afc       0xfa hardware/8253.o
                0x0000000000103bc7                sleep
                0x0000000000103afc                PIT_handler
                0x0000000000103b67                configure_PIT
 *fill*         0x0000000000103bf6        0x2 00
 .text          0x0000000000103bf8      0x2e3 shell/shell.o
                0x0000000000103c3e                info
                0x0000000000103dec                shell
                0x0000000000103c36                poweroff
                0x0000000000103c1f                help
                0x0000000000103bf8                logo

.rodata         0x0000000000103edc      0x759
 *(.rodata)
 .rodata        0x0000000000103edc       0xd0 kernel.o
 .rodata        0x0000000000103fac       0x70 io/video.o
 .rodata        0x000000000010401c       0x10 drivers/keyboard.o
 .rodata        0x000000000010402c        0x2 libc/stdio.o
 .rodata        0x000000000010402e       0x3e hardware/cpuid.o
 .rodata        0x000000000010406c       0x1d hardware/keyboard.o
 *fill*         0x0000000000104089        0x3 00
 .rodata        0x000000000010408c      0x269 processore/handlers.o
 *fill*         0x00000000001042f5        0x3 00
 .rodata        0x00000000001042f8       0x8a mem/fismem.o
 *fill*         0x0000000000104382        0x2 00
 .rodata        0x0000000000104384       0x23 mem/paging.o
 *fill*         0x00000000001043a7        0x1 00
 .rodata        0x00000000001043a8        0xc system/syscall.o
 .rodata        0x00000000001043b4      0x281 shell/shell.o

.rel.dyn        0x0000000000104638        0x0 load address 0x0000000000104635
 .rel.text      0x0000000000000000        0x0 bl.img

.data           0x0000000000104640    0x3376c
 *(.data)
 .data          0x0000000000104640        0x0 kernel.o
 .data          0x0000000000104640        0x9 io/video.o
                0x0000000000104644                VIDEO_PTR
                0x0000000000104648                VIDEO_CLR
                0x0000000000104640                VIDEO_MEM
 *fill*         0x0000000000104649       0x17 00
 .data          0x0000000000104660      0x2f8 drivers/keyboard.o
 .data          0x0000000000104958        0x0 libc/ctype.o
 .data          0x0000000000104958        0x0 libc/string.o
 .data          0x0000000000104958        0x0 io/io.o
 .data          0x0000000000104958        0x0 libc/stdio.o
 .data          0x0000000000104958        0x0 hardware/cpuid.o
 .data          0x0000000000104958        0x0 hardware/keyboard.o
 .data          0x0000000000104958        0x0 processore/gdt.o
 .data          0x0000000000104958        0x0 processore/idt.o
 .data          0x0000000000104958        0x0 processore/handlers.o
 .data          0x0000000000104958        0x0 hardware/pic8259.o
 .data          0x0000000000104958        0xc mem/fismem.o
                0x0000000000104958                prova2
                0x000000000010495c                mem_info_root
                0x0000000000104960                mem_info
 .data          0x0000000000104964        0x0 mem/paging.o
 .data          0x0000000000104964        0x4 system/syscall.o
                0x0000000000104964                syscall_table
 .data          0x0000000000104968        0x0 hardware/8253.o
 .data          0x0000000000104968        0x0 shell/shell.o
 *(.bss)
 .bss           0x0000000000104968        0x0 kernel.o
 .bss           0x0000000000104968       0x10 io/video.o
                0x000000000010496c                is_shifted_once
                0x0000000000104968                is_scrolled
                0x0000000000104974                resulthex
                0x0000000000104970                binlen
 *fill*         0x0000000000104978        0x8 00
 .bss           0x0000000000104980      0x434 drivers/keyboard.o
 .bss           0x0000000000104db4        0x0 libc/ctype.o
 .bss           0x0000000000104db4        0x4 libc/string.o
 .bss           0x0000000000104db8        0x0 io/io.o
 .bss           0x0000000000104db8        0x0 libc/stdio.o
 .bss           0x0000000000104db8        0x0 hardware/cpuid.o
 .bss           0x0000000000104db8        0x0 hardware/keyboard.o
 .bss           0x0000000000104db8        0x0 processore/gdt.o
 .bss           0x0000000000104db8        0x0 processore/idt.o
 .bss           0x0000000000104db8        0x0 processore/handlers.o
 .bss           0x0000000000104db8        0x0 hardware/pic8259.o
 .bss           0x0000000000104db8        0x4 mem/fismem.o
                0x0000000000104db8                num_pages
 .bss           0x0000000000104dbc        0x0 mem/paging.o
 .bss           0x0000000000104dbc        0x0 system/syscall.o
 .bss           0x0000000000104dbc        0x8 hardware/8253.o
 .bss           0x0000000000104dc4        0x0 shell/shell.o
 *(COMMON)
 COMMON         0x0000000000104dc4       0x10 kernel.o
                0x0000000000104dc4                cpu_vendor
                0x0000000000104dd0                current_page_table
 *fill*         0x0000000000104dd4        0xc 00
 COMMON         0x0000000000104de0     0x233c io/video.o
                0x0000000000104de0                downbuffer
                0x0000000000105d80                upbuffer
                0x0000000000106d20                binvp
 *fill*         0x000000000010711c        0x4 00
 COMMON         0x0000000000107120    0x10004 processore/gdt.o
                0x0000000000107120                Gdt_Table
                0x0000000000117120                current_pos
 *fill*         0x0000000000117124       0x1c 00
 COMMON         0x0000000000117140      0xc00 processore/idt.o
                0x0000000000117140                IntTable
                0x0000000000117540                IDT_Table
 COMMON         0x0000000000117d40       0x40 processore/handlers.o
                0x0000000000117d40                shareHandler
 COMMON         0x0000000000117d80        0x2 hardware/pic8259.o
                0x0000000000117d80                slave_cur_mask
                0x0000000000117d81                master_cur_mask
 *fill*         0x0000000000117d82       0x1e 00
 COMMON         0x0000000000117da0    0x20008 mem/fismem.o
                0x0000000000117da0                mem_bitmap
                0x0000000000137da0                tot_mem
                0x0000000000137da4                bmp_elements
 COMMON         0x0000000000137da8        0x4 mem/paging.o
                0x0000000000137da8                current_page_dir
LOAD bl.img
LOAD kernel.o
LOAD io/video.o
LOAD drivers/keyboard.o
LOAD libc/ctype.o
LOAD libc/string.o
LOAD io/io.o
LOAD libc/stdio.o
LOAD hardware/cpuid.o
LOAD hardware/keyboard.o
LOAD processore/gdt.o
LOAD processore/idt.o
LOAD processore/handlers.o
LOAD hardware/pic8259.o
LOAD mem/fismem.o
LOAD mem/paging.o
LOAD system/syscall.o
LOAD hardware/8253.o
LOAD shell/shell.o
Address of section .text set to 0x100000
OUTPUT(kernel.bin elf32-i386)

.comment        0x0000000000000000      0x229
 .comment       0x0000000000000000       0x1f bl.img
 .comment       0x000000000000001f       0x1d kernel.o
 .comment       0x000000000000003c       0x1d io/video.o
 .comment       0x0000000000000059       0x1d drivers/keyboard.o
 .comment       0x0000000000000076       0x1d libc/ctype.o
 .comment       0x0000000000000093       0x1d libc/string.o
 .comment       0x00000000000000b0       0x1d io/io.o
 .comment       0x00000000000000cd       0x1d libc/stdio.o
 .comment       0x00000000000000ea       0x1d hardware/cpuid.o
 .comment       0x0000000000000107       0x1d hardware/keyboard.o
 .comment       0x0000000000000124       0x1d processore/gdt.o
 .comment       0x0000000000000141       0x1d processore/idt.o
 .comment       0x000000000000015e       0x1d processore/handlers.o
 .comment       0x000000000000017b       0x1d hardware/pic8259.o
 .comment       0x0000000000000198       0x1d mem/fismem.o
 .comment       0x00000000000001b5       0x1d mem/paging.o
 .comment       0x00000000000001d2       0x1d system/syscall.o
 .comment       0x00000000000001ef       0x1d hardware/8253.o
 .comment       0x000000000000020c       0x1d shell/shell.o

.note.GNU-stack
                0x0000000000000000        0x0
 .note.GNU-stack
                0x0000000000000000        0x0 kernel.o
 .note.GNU-stack
                0x0000000000000000        0x0 io/video.o
 .note.GNU-stack
                0x0000000000000000        0x0 drivers/keyboard.o
 .note.GNU-stack
                0x0000000000000000        0x0 libc/ctype.o
 .note.GNU-stack
                0x0000000000000000        0x0 libc/string.o
 .note.GNU-stack
                0x0000000000000000        0x0 io/io.o
 .note.GNU-stack
                0x0000000000000000        0x0 libc/stdio.o
 .note.GNU-stack
                0x0000000000000000        0x0 hardware/cpuid.o
 .note.GNU-stack
                0x0000000000000000        0x0 hardware/keyboard.o
 .note.GNU-stack
                0x0000000000000000        0x0 processore/gdt.o
 .note.GNU-stack
                0x0000000000000000        0x0 processore/idt.o
 .note.GNU-stack
                0x0000000000000000        0x0 processore/handlers.o
 .note.GNU-stack
                0x0000000000000000        0x0 hardware/pic8259.o
 .note.GNU-stack
                0x0000000000000000        0x0 mem/fismem.o
 .note.GNU-stack
                0x0000000000000000        0x0 mem/paging.o
 .note.GNU-stack
                0x0000000000000000        0x0 system/syscall.o
 .note.GNU-stack
                0x0000000000000000        0x0 hardware/8253.o
 .note.GNU-stack
                0x0000000000000000        0x0 shell/shell.o
