
Allocating common symbols
Common symbol       size              file

IntTable            0x400             processore/idt.o
downbuffer          0xfa0             io/video.o
mem_bitmap          0x20000           mem/fismem.o
upbuffer            0xfa0             io/video.o
IDT_Table           0x800             processore/idt.o
cpu_vendor          0xc               kernel.o
tot_mem             0x4               mem/fismem.o
slave_cur_mask      0x1               hardware/pic8259.o
current_page_dir    0x4               mem/paging.o
Gdt_Table           0x10000           processore/gdt.o
current_pos         0x4               processore/gdt.o
current_page_table  0x4               kernel.o
master_cur_mask     0x1               hardware/pic8259.o
bmp_elements        0x4               mem/fismem.o
address_cur         0x4               mem/kheap.o
binvp               0x3fc             io/video.o
shareHandler        0x40              processore/handlers.o

Memory Configuration

Name             Origin             Length             Attributes
*default*        0x0000000000000000 0xffffffffffffffff

Linker script and memory map


.text           0x0000000000100000     0x4000
                0x0000000000100000                code = .
                0x0000000000100000                _code = .
                0x0000000000100000                __code = .
 *(.text)
 .text          0x0000000000100000       0x29 bl.img
                0x0000000000100000                mboot
                0x0000000000100020                start
 *fill*         0x0000000000100029        0x3 00
 .text          0x000000000010002c      0x1e3 kernel.o
                0x0000000000100040                main_loop
                0x000000000010002c                _start
 *fill*         0x000000000010020f        0x1 00
 .text          0x0000000000100210      0x9d1 io/video.o
                0x0000000000100b66                _kscrolldown
                0x0000000000100210                _kputc
                0x0000000000100252                _kputs
                0x00000000001002ec                _kbackspace
                0x0000000000100a3b                _krotate_buffer
                0x0000000000100429                _ksetcursauto
                0x00000000001002d6                _kcolor
                0x0000000000100539                _kdecbin
                0x00000000001003f8                _ksetcursor
                0x000000000010048b                _kprintOK
                0x0000000000100302                _ktab
                0x0000000000100310                _kgoto
                0x00000000001003a5                _knewline
                0x0000000000100abc                _kscrollup
                0x000000000010033e                _kclear
                0x00000000001004ff                _kgetline
                0x000000000010087d                _kntos
                0x00000000001004b5                _kgetcolumn
                0x0000000000100610                _kntohex
                0x000000000010096c                _kshiftAll
 *fill*         0x0000000000100be1        0x3 00
 .text          0x0000000000100be4      0x5e4 drivers/keyboard.o
                0x0000000000101044                _ksetleds
                0x0000000000101170                _kgetch
                0x0000000000101157                keyboard_disable
                0x000000000010113e                keyboard_enable
                0x0000000000100be4                keyboard_isr
 .text          0x00000000001011c8      0x19a libc/ctype.o
                0x0000000000101298                islower
                0x00000000001012e8                tolower
                0x0000000000101260                isxdigit
                0x00000000001012c0                isupper
                0x00000000001011f0                isalpha
                0x0000000000101226                isalnum
                0x00000000001011c8                isdigit
                0x0000000000101325                toupper
 *fill*         0x0000000000101362        0x2 00
 .text          0x0000000000101364      0x2eb libc/string.o
                0x00000000001014df                strstr
                0x0000000000101364                strncpy
                0x000000000010155b                strtok
                0x00000000001015e5                strncat
                0x000000000010146e                strdup
                0x0000000000101438                memset
                0x00000000001013c4                _kstrncmp
                0x000000000010139d                strlen
                0x00000000001014be                strchr
 *fill*         0x000000000010164f        0x1 00
 .text          0x0000000000101650       0x23 io/io.o
                0x0000000000101650                inportb
                0x0000000000101669                outportb
 *fill*         0x0000000000101673        0x1 00
 .text          0x0000000000101674      0x632 libc/stdio.o
                0x0000000000101674                putchar
                0x000000000010177e                printf
                0x0000000000101b52                gets
                0x0000000000101b37                getchar
                0x0000000000101bc5                scanf
                0x000000000010168e                atoi
 *fill*         0x0000000000101ca6        0x2 00
 .text          0x0000000000101ca8      0x18c hardware/cpuid.o
                0x0000000000101ca8                get_cpuid
 .text          0x0000000000101e34       0x67 hardware/keyboard.o
                0x0000000000101e34                keyboard_irq
 *fill*         0x0000000000101e9b        0x1 00
 .text          0x0000000000101e9c      0x1d0 processore/gdt.o
                0x0000000000101f78                add_GDTseg
                0x0000000000101e9c                init_gdt
                0x0000000000102023                set_gdtr
 .text          0x000000000010206c      0x65d processore/idt.o
                0x000000000010262d                add_IDTseg
                0x00000000001023a1                init_idt
                0x00000000001026a1                set_idtr
 *fill*         0x00000000001026c9        0x3 00
 .text          0x00000000001026cc      0x38d processore/handlers.o
                0x00000000001026cc                init_funcTable
                0x00000000001029c4                _irqinterrupt
                0x000000000010274e                _globalException
                0x000000000010273e                add_Interrupt
                0x0000000000102a44                _int_rsv
 *fill*         0x0000000000102a59        0x3 00
 .text          0x0000000000102a5c      0x747 hardware/pic8259.o
                0x0000000000102c8d                init_IRQ
                0x0000000000102dc9                setup_IRQ
                0x0000000000103004                disable_IRQ
                0x00000000001030e4                add_IRQ_handler
                0x0000000000102f30                enable_IRQ
                0x00000000001030b6                get_current_irq
 *fill*         0x00000000001031a3        0x1 00
 .text          0x00000000001031a4      0x628 mem/fismem.o
                0x00000000001031a4                init_mem
                0x0000000000103268                request_pages
                0x0000000000103628                add_memarea_element
                0x000000000010373e                get_numpages
                0x0000000000103738                get_memsize
                0x0000000000103764                malloc
                0x0000000000103751                get_bmpelements
                0x00000000001033c3                release_pages
                0x000000000010371c                calcola_memoria
                0x00000000001037a2                free
 .text          0x00000000001037cc      0x2ca mem/paging.o
                0x00000000001038da                create_pageTable
                0x00000000001037cc                init_paging
                0x0000000000103a09                get_pagedir_entry
                0x00000000001038c4                create_pageDir
                0x0000000000103a50                load_pdbr
                0x00000000001039b7                set_pagetable_entry_ric
                0x0000000000103a26                get_pagetable_entry
                0x00000000001038f0                set_pagedir_entry
                0x0000000000103931                set_pagedir_entry_ric
                0x0000000000103976                set_pagetable_entry
 *fill*         0x0000000000103a96        0x2 00
 .text          0x0000000000103a98       0x17 mem/kheap.o
                0x0000000000103a98                _kmalloc
 *fill*         0x0000000000103aaf        0x1 00
 .text          0x0000000000103ab0       0xba system/syscall.o
                0x0000000000103ab0                sysputch
                0x0000000000103ad6                syscall_handler
 *fill*         0x0000000000103b6a        0x2 00
 .text          0x0000000000103b6c       0xfa hardware/8253.o
                0x0000000000103c37                sleep
                0x0000000000103b6c                PIT_handler
                0x0000000000103bd7                configure_PIT
 *fill*         0x0000000000103c66        0x2 00
 .text          0x0000000000103c68      0x2f1 shell/shell.o
                0x0000000000103cbc                info
                0x0000000000103e6a                shell
                0x0000000000103ca6                poweroff
                0x0000000000103c8f                help
                0x0000000000103c68                logo
                0x0000000000104000                . = ALIGN (0x1000)
 *fill*         0x0000000000103f59       0xa7 00

.rel.dyn        0x0000000000104000        0x0
 .rel.text      0x0000000000000000        0x0 bl.img

.data           0x0000000000104000     0x1000
                0x0000000000104000                data = .
                0x0000000000104000                _data = .
                0x0000000000104000                __data = .
 *(.data)
 .data          0x0000000000104000        0x0 kernel.o
 .data          0x0000000000104000        0x9 io/video.o
                0x0000000000104004                VIDEO_PTR
                0x0000000000104008                VIDEO_CLR
                0x0000000000104000                VIDEO_MEM
 *fill*         0x0000000000104009       0x17 00
 .data          0x0000000000104020      0x2f8 drivers/keyboard.o
 .data          0x0000000000104318        0x0 libc/ctype.o
 .data          0x0000000000104318        0x0 libc/string.o
 .data          0x0000000000104318        0x0 io/io.o
 .data          0x0000000000104318        0x0 libc/stdio.o
 .data          0x0000000000104318        0x0 hardware/cpuid.o
 .data          0x0000000000104318        0x0 hardware/keyboard.o
 .data          0x0000000000104318        0x0 processore/gdt.o
 .data          0x0000000000104318        0x0 processore/idt.o
 .data          0x0000000000104318        0x0 processore/handlers.o
 .data          0x0000000000104318        0x0 hardware/pic8259.o
 .data          0x0000000000104318        0xc mem/fismem.o
                0x0000000000104318                prova2
                0x000000000010431c                mem_info_root
                0x0000000000104320                mem_info
 .data          0x0000000000104324        0x0 mem/paging.o
 .data          0x0000000000104324        0x0 mem/kheap.o
 .data          0x0000000000104324        0x4 system/syscall.o
                0x0000000000104324                syscall_table
 .data          0x0000000000104328        0x0 hardware/8253.o
 .data          0x0000000000104328        0x0 shell/shell.o
 *(.rodata)
 .rodata        0x0000000000104328       0xf8 kernel.o
 .rodata        0x0000000000104420       0x70 io/video.o
 .rodata        0x0000000000104490       0x10 drivers/keyboard.o
 .rodata        0x00000000001044a0        0x2 libc/stdio.o
 .rodata        0x00000000001044a2       0x3e hardware/cpuid.o
 .rodata        0x00000000001044e0       0x1d hardware/keyboard.o
 *fill*         0x00000000001044fd        0x3 00
 .rodata        0x0000000000104500      0x23e processore/handlers.o
 *fill*         0x000000000010473e        0x2 00
 .rodata        0x0000000000104740       0x8a mem/fismem.o
 *fill*         0x00000000001047ca        0x2 00
 .rodata        0x00000000001047cc       0x23 mem/paging.o
 *fill*         0x00000000001047ef        0x1 00
 .rodata        0x00000000001047f0        0xc system/syscall.o
 .rodata        0x00000000001047fc      0x2a9 shell/shell.o
                0x0000000000105000                . = ALIGN (0x1000)
 *fill*         0x0000000000104aa5      0x55b 00

.bss            0x0000000000105000    0x33ff0
                0x0000000000105000                bss = .
                0x0000000000105000                _bss = .
                0x0000000000105000                __bss = .
 *(.bss)
 .bss           0x0000000000105000        0x0 kernel.o
 .bss           0x0000000000105000       0x10 io/video.o
                0x0000000000105004                is_shifted_once
                0x0000000000105000                is_scrolled
                0x000000000010500c                resulthex
                0x0000000000105008                binlen
 *fill*         0x0000000000105010       0x10 00
 .bss           0x0000000000105020      0x434 drivers/keyboard.o
 .bss           0x0000000000105454        0x0 libc/ctype.o
 .bss           0x0000000000105454        0x4 libc/string.o
 .bss           0x0000000000105458        0x0 io/io.o
 .bss           0x0000000000105458        0x0 libc/stdio.o
 .bss           0x0000000000105458        0x0 hardware/cpuid.o
 .bss           0x0000000000105458        0x0 hardware/keyboard.o
 .bss           0x0000000000105458        0x0 processore/gdt.o
 .bss           0x0000000000105458        0x0 processore/idt.o
 .bss           0x0000000000105458        0x0 processore/handlers.o
 .bss           0x0000000000105458        0x0 hardware/pic8259.o
 .bss           0x0000000000105458        0x4 mem/fismem.o
                0x0000000000105458                num_pages
 .bss           0x000000000010545c        0x0 mem/paging.o
 .bss           0x000000000010545c        0x0 mem/kheap.o
 .bss           0x000000000010545c        0x0 system/syscall.o
 .bss           0x000000000010545c        0x8 hardware/8253.o
 .bss           0x0000000000105464        0x0 shell/shell.o
                0x0000000000106000                . = ALIGN (0x1000)
 *fill*         0x0000000000105464      0xb9c 00
 COMMON         0x0000000000106000       0x10 kernel.o
                0x0000000000106000                cpu_vendor
                0x000000000010600c                current_page_table
 *fill*         0x0000000000106010       0x10 00
 COMMON         0x0000000000106020     0x233c io/video.o
                0x0000000000106020                downbuffer
                0x0000000000106fc0                upbuffer
                0x0000000000107f60                binvp
 *fill*         0x000000000010835c        0x4 00
 COMMON         0x0000000000108360    0x10004 processore/gdt.o
                0x0000000000108360                Gdt_Table
                0x0000000000118360                current_pos
 *fill*         0x0000000000118364       0x1c 00
 COMMON         0x0000000000118380      0xc00 processore/idt.o
                0x0000000000118380                IntTable
                0x0000000000118780                IDT_Table
 COMMON         0x0000000000118f80       0x40 processore/handlers.o
                0x0000000000118f80                shareHandler
 COMMON         0x0000000000118fc0        0x2 hardware/pic8259.o
                0x0000000000118fc0                slave_cur_mask
                0x0000000000118fc1                master_cur_mask
 *fill*         0x0000000000118fc2       0x1e 00
 COMMON         0x0000000000118fe0    0x20008 mem/fismem.o
                0x0000000000118fe0                mem_bitmap
                0x0000000000138fe0                tot_mem
                0x0000000000138fe4                bmp_elements
 COMMON         0x0000000000138fe8        0x4 mem/paging.o
                0x0000000000138fe8                current_page_dir
 COMMON         0x0000000000138fec        0x4 mem/kheap.o
                0x0000000000138fec                address_cur
                0x0000000000138ff0                end = .
                0x0000000000138ff0                _end = .
                0x0000000000138ff0                __end = .
LOAD bl.img
LOAD kernel.o
LOAD io/video.o
LOAD drivers/keyboard.o
LOAD libc/ctype.o
LOAD libc/string.o
LOAD io/io.o
LOAD libc/stdio.o
LOAD hardware/cpuid.o
LOAD hardware/keyboard.o
LOAD processore/gdt.o
LOAD processore/idt.o
LOAD processore/handlers.o
LOAD hardware/pic8259.o
LOAD mem/fismem.o
LOAD mem/paging.o
LOAD mem/kheap.o
LOAD system/syscall.o
LOAD hardware/8253.o
LOAD shell/shell.o
Address of section .text set to 0x100000
OUTPUT(kernel.bin elf32-i386)

.comment        0x0000000000000000      0x246
 .comment       0x0000000000000000       0x1f bl.img
 .comment       0x000000000000001f       0x1d kernel.o
 .comment       0x000000000000003c       0x1d io/video.o
 .comment       0x0000000000000059       0x1d drivers/keyboard.o
 .comment       0x0000000000000076       0x1d libc/ctype.o
 .comment       0x0000000000000093       0x1d libc/string.o
 .comment       0x00000000000000b0       0x1d io/io.o
 .comment       0x00000000000000cd       0x1d libc/stdio.o
 .comment       0x00000000000000ea       0x1d hardware/cpuid.o
 .comment       0x0000000000000107       0x1d hardware/keyboard.o
 .comment       0x0000000000000124       0x1d processore/gdt.o
 .comment       0x0000000000000141       0x1d processore/idt.o
 .comment       0x000000000000015e       0x1d processore/handlers.o
 .comment       0x000000000000017b       0x1d hardware/pic8259.o
 .comment       0x0000000000000198       0x1d mem/fismem.o
 .comment       0x00000000000001b5       0x1d mem/paging.o
 .comment       0x00000000000001d2       0x1d mem/kheap.o
 .comment       0x00000000000001ef       0x1d system/syscall.o
 .comment       0x000000000000020c       0x1d hardware/8253.o
 .comment       0x0000000000000229       0x1d shell/shell.o

.note.GNU-stack
                0x0000000000000000        0x0
 .note.GNU-stack
                0x0000000000000000        0x0 kernel.o
 .note.GNU-stack
                0x0000000000000000        0x0 io/video.o
 .note.GNU-stack
                0x0000000000000000        0x0 drivers/keyboard.o
 .note.GNU-stack
                0x0000000000000000        0x0 libc/ctype.o
 .note.GNU-stack
                0x0000000000000000        0x0 libc/string.o
 .note.GNU-stack
                0x0000000000000000        0x0 io/io.o
 .note.GNU-stack
                0x0000000000000000        0x0 libc/stdio.o
 .note.GNU-stack
                0x0000000000000000        0x0 hardware/cpuid.o
 .note.GNU-stack
                0x0000000000000000        0x0 hardware/keyboard.o
 .note.GNU-stack
                0x0000000000000000        0x0 processore/gdt.o
 .note.GNU-stack
                0x0000000000000000        0x0 processore/idt.o
 .note.GNU-stack
                0x0000000000000000        0x0 processore/handlers.o
 .note.GNU-stack
                0x0000000000000000        0x0 hardware/pic8259.o
 .note.GNU-stack
                0x0000000000000000        0x0 mem/fismem.o
 .note.GNU-stack
                0x0000000000000000        0x0 mem/paging.o
 .note.GNU-stack
                0x0000000000000000        0x0 mem/kheap.o
 .note.GNU-stack
                0x0000000000000000        0x0 system/syscall.o
 .note.GNU-stack
                0x0000000000000000        0x0 hardware/8253.o
 .note.GNU-stack
                0x0000000000000000        0x0 shell/shell.o
