
Allocating common symbols
Common symbol       size              file

IntTable            0x400             processore/idt.o
downbuffer          0xfa0             io/video.o
mem_bitmap          0x20000           mem/fismem.o
upbuffer            0xfa0             io/video.o
IDT_Table           0x800             processore/idt.o
cpu_vendor          0xc               kernel.o
tot_mem             0x4               mem/fismem.o
slave_cur_mask      0x1               hardware/pic8259.o
current_page_dir    0x4               mem/paging.o
Gdt_Table           0x10000           processore/gdt.o
current_pos         0x4               processore/gdt.o
current_page_table  0x4               kernel.o
master_cur_mask     0x1               hardware/pic8259.o
bmp_elements        0x4               mem/fismem.o
binvp               0x3fc             io/video.o
shareHandler        0x40              processore/handlers.o

Memory Configuration

Name             Origin             Length             Attributes
*default*        0x0000000000000000 0xffffffffffffffff

Linker script and memory map


.text           0x0000000000100000     0x5000
                0x0000000000100000                code = .
                0x0000000000100000                _code = .
                0x0000000000100000                __code = .
 *(.text)
 .text          0x0000000000100000       0x29 bl.img
                0x0000000000100000                mboot
                0x0000000000100020                start
 *fill*         0x0000000000100029        0x3 00
 .text          0x000000000010002c      0x1ae kernel.o
                0x000000000010003d                main_loop
                0x000000000010002c                _start
 *fill*         0x00000000001001da        0x2 00
 .text          0x00000000001001dc      0xa2c io/video.o
                0x0000000000100b89                _kscrolldown
                0x00000000001001dc                _kputc
                0x0000000000100221                _kputs
                0x00000000001002bd                _kbackspace
                0x0000000000100a52                _krotate_buffer
                0x0000000000100407                _ksetcursauto
                0x00000000001002a6                _kcolor
                0x0000000000100545                _kdecbin
                0x00000000001003d6                _ksetcursor
                0x0000000000100499                _kprintOK
                0x00000000001002d3                _ktab
                0x00000000001002e1                _kgoto
                0x000000000010037c                _knewline
                0x0000000000100ad6                _kscrollup
                0x000000000010030f                _kclear
                0x000000000010050b                _kgetline
                0x0000000000100887                _kntos
                0x00000000001004c1                _kgetcolumn
                0x000000000010060e                _kntohex
                0x0000000000100978                _kshiftAll
 .text          0x0000000000100c08      0x658 drivers/keyboard.o
                0x00000000001010cb                _ksetleds
                0x0000000000101206                _kgetch
                0x00000000001011eb                keyboard_disable
                0x00000000001011d0                keyboard_enable
                0x0000000000100c08                keyboard_isr
 .text          0x0000000000101260      0x1a6 libc/ctype.o
                0x0000000000101336                islower
                0x0000000000101386                tolower
                0x00000000001012fb                isxdigit
                0x000000000010135e                isupper
                0x0000000000101288                isalpha
                0x00000000001012be                isalnum
                0x0000000000101260                isdigit
                0x00000000001013c6                toupper
 *fill*         0x0000000000101406        0x2 00
 .text          0x0000000000101408      0x318 libc/string.o
                0x000000000010159a                strstr
                0x0000000000101408                strncpy
                0x0000000000101621                strtok
                0x00000000001016b3                strncat
                0x0000000000101523                strdup
                0x00000000001014ec                memset
                0x000000000010146d                _kstrncmp
                0x0000000000101443                strlen
                0x0000000000101576                strchr
 .text          0x0000000000101720       0x24 io/io.o
                0x0000000000101720                inportb
                0x000000000010173a                outportb
 .text          0x0000000000101744      0x655 libc/stdio.o
                0x0000000000101744                putchar
                0x0000000000101853                printf
                0x0000000000101c43                gets
                0x0000000000101c28                getchar
                0x0000000000101cb8                scanf
                0x000000000010175f                atoi
 *fill*         0x0000000000101d99        0x3 00
 .text          0x0000000000101d9c      0x18c hardware/cpuid.o
                0x0000000000101d9c                get_cpuid
 .text          0x0000000000101f28       0x61 hardware/keyboard.o
                0x0000000000101f28                keyboard_irq
 *fill*         0x0000000000101f89        0x3 00
 .text          0x0000000000101f8c      0x214 processore/gdt.o
                0x00000000001020aa                add_GDTseg
                0x0000000000101f8c                init_gdt
                0x0000000000102156                set_gdtr
 .text          0x00000000001021a0      0x790 processore/idt.o
                0x0000000000102893                add_IDTseg
                0x00000000001024d5                init_idt
                0x0000000000102908                set_idtr
 .text          0x0000000000102930      0x33c processore/handlers.o
                0x0000000000102930                init_funcTable
                0x0000000000102bd2                _irqinterrupt
                0x00000000001029b3                _globalException
                0x00000000001029a3                add_Interrupt
                0x0000000000102c5b                _int_rsv
 .text          0x0000000000102c6c      0x859 hardware/pic8259.o
                0x0000000000102e9d                init_IRQ
                0x0000000000102ffb                setup_IRQ
                0x000000000010331a                disable_IRQ
                0x00000000001033fc                add_IRQ_handler
                0x0000000000103242                enable_IRQ
                0x00000000001033ca                get_current_irq
 *fill*         0x00000000001034c5        0x3 00
 .text          0x00000000001034c8      0x610 mem/fismem.o
                0x00000000001034c8                init_mem
                0x000000000010358f                request_pages
                0x000000000010392f                add_memarea_element
                0x0000000000103a4c                get_numpages
                0x0000000000103a46                get_memsize
                0x0000000000103a72                malloc
                0x0000000000103a5f                get_bmpelements
                0x00000000001036f1                release_pages
                0x0000000000103a2a                calcola_memoria
                0x0000000000103ab5                free
 .text          0x0000000000103ad8      0x2fd mem/paging.o
                0x0000000000103c14                create_pageTable
                0x0000000000103ad8                init_paging
                0x0000000000103d48                get_pagedir_entry
                0x0000000000103bf9                create_pageDir
                0x0000000000103d8f                load_pdbr
                0x0000000000103cf6                set_pagetable_entry_ric
                0x0000000000103d65                get_pagetable_entry
                0x0000000000103c2f                set_pagedir_entry
                0x0000000000103c70                set_pagedir_entry_ric
                0x0000000000103cb5                set_pagetable_entry
 *fill*         0x0000000000103dd5        0x3 00
 .text          0x0000000000103dd8       0x22 mem/kheap.o
                0x0000000000103dd8                kmalloc
 *fill*         0x0000000000103dfa        0x2 00
 .text          0x0000000000103dfc       0xdd system/syscall.o
                0x0000000000103e1e                syscall_init
                0x0000000000103dfc                sysputch
                0x0000000000103e54                syscall_handler
 *fill*         0x0000000000103ed9        0x3 00
 .text          0x0000000000103edc      0x11e hardware/8253.o
                0x0000000000103fcb                sleep
                0x0000000000103edc                PIT_handler
                0x0000000000103f62                configure_PIT
 *fill*         0x0000000000103ffa        0x2 00
 .text          0x0000000000103ffc      0x440 shell/shell.o
                0x0000000000104040                info
                0x00000000001041d3                shell
                0x000000000010402e                poweroff
                0x000000000010401b                help
                0x0000000000103ffc                logo
                0x0000000000105000                . = ALIGN (0x1000)
 *fill*         0x000000000010443c      0xbc4 00

.rel.dyn        0x0000000000105000        0x0
 .rel.text      0x0000000000000000        0x0 bl.img
 .rel.data      0x0000000000000000        0x0 bl.img

.data           0x0000000000105000     0x1000
                0x0000000000105000                data = .
                0x0000000000105000                _data = .
                0x0000000000105000                __data = .
 *(.data)
 .data          0x0000000000105000        0x0 kernel.o
 .data          0x0000000000105000        0x9 io/video.o
                0x0000000000105004                VIDEO_PTR
                0x0000000000105008                VIDEO_CLR
                0x0000000000105000                VIDEO_MEM
 *fill*         0x0000000000105009       0x17 00
 .data          0x0000000000105020      0x2f8 drivers/keyboard.o
 .data          0x0000000000105318        0x0 libc/ctype.o
 .data          0x0000000000105318        0x0 libc/string.o
 .data          0x0000000000105318        0x0 io/io.o
 .data          0x0000000000105318        0x0 libc/stdio.o
 .data          0x0000000000105318        0x0 hardware/cpuid.o
 .data          0x0000000000105318        0x0 hardware/keyboard.o
 .data          0x0000000000105318        0x0 processore/gdt.o
 .data          0x0000000000105318        0x0 processore/idt.o
 .data          0x0000000000105318        0x0 processore/handlers.o
 .data          0x0000000000105318        0x0 hardware/pic8259.o
 .data          0x0000000000105318        0xc mem/fismem.o
                0x0000000000105318                prova2
                0x000000000010531c                mem_info_root
                0x0000000000105320                mem_info
 .data          0x0000000000105324        0x0 mem/paging.o
 .data          0x0000000000105324        0x4 mem/kheap.o
                0x0000000000105324                address_cur
 .data          0x0000000000105328        0x4 system/syscall.o
                0x0000000000105328                syscall_table
 .data          0x000000000010532c        0x0 hardware/8253.o
 .data          0x000000000010532c        0x0 shell/shell.o
 *(.rodata)
 .rodata        0x000000000010532c       0xf8 kernel.o
 .rodata        0x0000000000105424       0x5f io/video.o
 .rodata        0x0000000000105483       0x10 drivers/keyboard.o
 .rodata        0x0000000000105493        0x2 libc/stdio.o
 .rodata        0x0000000000105495       0x3e hardware/cpuid.o
 .rodata        0x00000000001054d3       0x1d hardware/keyboard.o
 .rodata        0x00000000001054f0      0x23e processore/handlers.o
 *fill*         0x000000000010572e        0x2 00
 .rodata        0x0000000000105730       0x8a mem/fismem.o
 *fill*         0x00000000001057ba        0x2 00
 .rodata        0x00000000001057bc       0x23 mem/paging.o
 *fill*         0x00000000001057df        0x1 00
 .rodata        0x00000000001057e0      0x35b shell/shell.o
                0x0000000000106000                . = ALIGN (0x1000)
 *fill*         0x0000000000105b3b      0x4c5 00

.bss            0x0000000000106000    0x33fec
                0x0000000000106000                bss = .
                0x0000000000106000                _bss = .
                0x0000000000106000                __bss = .
 *(.bss)
 .bss           0x0000000000106000        0x0 kernel.o
 .bss           0x0000000000106000       0x10 io/video.o
                0x0000000000106004                is_shifted_once
                0x0000000000106000                is_scrolled
                0x000000000010600c                resulthex
                0x0000000000106008                binlen
 *fill*         0x0000000000106010       0x10 00
 .bss           0x0000000000106020      0x434 drivers/keyboard.o
 .bss           0x0000000000106454        0x0 libc/ctype.o
 .bss           0x0000000000106454        0x4 libc/string.o
 .bss           0x0000000000106458        0x0 io/io.o
 .bss           0x0000000000106458        0x0 libc/stdio.o
 .bss           0x0000000000106458        0x0 hardware/cpuid.o
 .bss           0x0000000000106458        0x0 hardware/keyboard.o
 .bss           0x0000000000106458        0x0 processore/gdt.o
 .bss           0x0000000000106458        0x0 processore/idt.o
 .bss           0x0000000000106458        0x0 processore/handlers.o
 .bss           0x0000000000106458        0x0 hardware/pic8259.o
 .bss           0x0000000000106458        0x4 mem/fismem.o
                0x0000000000106458                num_pages
 .bss           0x000000000010645c        0x0 mem/paging.o
 .bss           0x000000000010645c        0x0 mem/kheap.o
 .bss           0x000000000010645c        0x0 system/syscall.o
 .bss           0x000000000010645c        0x8 hardware/8253.o
 .bss           0x0000000000106464        0x0 shell/shell.o
                0x0000000000107000                . = ALIGN (0x1000)
 *fill*         0x0000000000106464      0xb9c 00
 COMMON         0x0000000000107000       0x10 kernel.o
                0x0000000000107000                cpu_vendor
                0x000000000010700c                current_page_table
 *fill*         0x0000000000107010       0x10 00
 COMMON         0x0000000000107020     0x233c io/video.o
                0x0000000000107020                downbuffer
                0x0000000000107fc0                upbuffer
                0x0000000000108f60                binvp
 *fill*         0x000000000010935c        0x4 00
 COMMON         0x0000000000109360    0x10004 processore/gdt.o
                0x0000000000109360                Gdt_Table
                0x0000000000119360                current_pos
 *fill*         0x0000000000119364       0x1c 00
 COMMON         0x0000000000119380      0xc00 processore/idt.o
                0x0000000000119380                IntTable
                0x0000000000119780                IDT_Table
 COMMON         0x0000000000119f80       0x40 processore/handlers.o
                0x0000000000119f80                shareHandler
 COMMON         0x0000000000119fc0        0x2 hardware/pic8259.o
                0x0000000000119fc0                slave_cur_mask
                0x0000000000119fc1                master_cur_mask
 *fill*         0x0000000000119fc2       0x1e 00
 COMMON         0x0000000000119fe0    0x20008 mem/fismem.o
                0x0000000000119fe0                mem_bitmap
                0x0000000000139fe0                tot_mem
                0x0000000000139fe4                bmp_elements
 COMMON         0x0000000000139fe8        0x4 mem/paging.o
                0x0000000000139fe8                current_page_dir
                0x0000000000139fec                end = .
                0x0000000000139fec                _end = .
                0x0000000000139fec                __end = .
LOAD bl.img
LOAD kernel.o
LOAD io/video.o
LOAD drivers/keyboard.o
LOAD libc/ctype.o
LOAD libc/string.o
LOAD io/io.o
LOAD libc/stdio.o
LOAD hardware/cpuid.o
LOAD hardware/keyboard.o
LOAD processore/gdt.o
LOAD processore/idt.o
LOAD processore/handlers.o
LOAD hardware/pic8259.o
LOAD mem/fismem.o
LOAD mem/paging.o
LOAD mem/kheap.o
LOAD system/syscall.o
LOAD hardware/8253.o
LOAD shell/shell.o
Address of section .text set to 0x100000
OUTPUT(kernel.bin elf32-i386)

.comment        0x0000000000000000      0x246
 .comment       0x0000000000000000       0x1f bl.img
 .comment       0x000000000000001f       0x1d kernel.o
 .comment       0x000000000000003c       0x1d io/video.o
 .comment       0x0000000000000059       0x1d drivers/keyboard.o
 .comment       0x0000000000000076       0x1d libc/ctype.o
 .comment       0x0000000000000093       0x1d libc/string.o
 .comment       0x00000000000000b0       0x1d io/io.o
 .comment       0x00000000000000cd       0x1d libc/stdio.o
 .comment       0x00000000000000ea       0x1d hardware/cpuid.o
 .comment       0x0000000000000107       0x1d hardware/keyboard.o
 .comment       0x0000000000000124       0x1d processore/gdt.o
 .comment       0x0000000000000141       0x1d processore/idt.o
 .comment       0x000000000000015e       0x1d processore/handlers.o
 .comment       0x000000000000017b       0x1d hardware/pic8259.o
 .comment       0x0000000000000198       0x1d mem/fismem.o
 .comment       0x00000000000001b5       0x1d mem/paging.o
 .comment       0x00000000000001d2       0x1d mem/kheap.o
 .comment       0x00000000000001ef       0x1d system/syscall.o
 .comment       0x000000000000020c       0x1d hardware/8253.o
 .comment       0x0000000000000229       0x1d shell/shell.o

.note.GNU-stack
                0x0000000000000000        0x0
 .note.GNU-stack
                0x0000000000000000        0x0 kernel.o
 .note.GNU-stack
                0x0000000000000000        0x0 io/video.o
 .note.GNU-stack
                0x0000000000000000        0x0 drivers/keyboard.o
 .note.GNU-stack
                0x0000000000000000        0x0 libc/ctype.o
 .note.GNU-stack
                0x0000000000000000        0x0 libc/string.o
 .note.GNU-stack
                0x0000000000000000        0x0 io/io.o
 .note.GNU-stack
                0x0000000000000000        0x0 libc/stdio.o
 .note.GNU-stack
                0x0000000000000000        0x0 hardware/cpuid.o
 .note.GNU-stack
                0x0000000000000000        0x0 hardware/keyboard.o
 .note.GNU-stack
                0x0000000000000000        0x0 processore/gdt.o
 .note.GNU-stack
                0x0000000000000000        0x0 processore/idt.o
 .note.GNU-stack
                0x0000000000000000        0x0 processore/handlers.o
 .note.GNU-stack
                0x0000000000000000        0x0 hardware/pic8259.o
 .note.GNU-stack
                0x0000000000000000        0x0 mem/fismem.o
 .note.GNU-stack
                0x0000000000000000        0x0 mem/paging.o
 .note.GNU-stack
                0x0000000000000000        0x0 mem/kheap.o
 .note.GNU-stack
                0x0000000000000000        0x0 system/syscall.o
 .note.GNU-stack
                0x0000000000000000        0x0 hardware/8253.o
 .note.GNU-stack
                0x0000000000000000        0x0 shell/shell.o
