
Allocating common symbols
Common symbol       size              file

IntTable            0x400             processore/idt.o
downbuffer          0xfa0             io/video.o
mem_bitmap          0x20000           mem/fismem.o
upbuffer            0xfa0             io/video.o
IDT_Table           0x800             processore/idt.o
cpu_vendor          0xc               kernel.o
tot_mem             0x4               mem/fismem.o
slave_cur_mask      0x1               hardware/pic8259.o
current_page_dir    0x4               mem/paging.o
Gdt_Table           0x10000           processore/gdt.o
current_pos         0x4               processore/gdt.o
current_page_table  0x4               kernel.o
master_cur_mask     0x1               hardware/pic8259.o
bmp_elements        0x4               mem/fismem.o
binvp               0x3fc             io/video.o
shareHandler        0x40              processore/handlers.o

Memory Configuration

Name             Origin             Length             Attributes
*default*        0x0000000000000000 0xffffffffffffffff

Linker script and memory map

                0x0000000000100000                . = 0x100000

.text           0x0000000000100000     0x3f19
 *(.text)
 .text          0x0000000000100000       0x1d bl.img
                0x0000000000100000                mboot
                0x0000000000100014                start
 *fill*         0x000000000010001d        0x3 00
 .text          0x0000000000100020      0x1c8 kernel.o
                0x0000000000100034                main_loop
                0x0000000000100020                _start
 .text          0x00000000001001e8      0x9d1 io/video.o
                0x0000000000100b3e                _kscrolldown
                0x00000000001001e8                _kputc
                0x000000000010022a                _kputs
                0x00000000001002c4                _kbackspace
                0x0000000000100a13                _krotate_buffer
                0x0000000000100401                _ksetcursauto
                0x00000000001002ae                _kcolor
                0x0000000000100511                _kdecbin
                0x00000000001003d0                _ksetcursor
                0x0000000000100463                _kprintOK
                0x00000000001002da                _ktab
                0x00000000001002e8                _kgoto
                0x000000000010037d                _knewline
                0x0000000000100a94                _kscrollup
                0x0000000000100316                _kclear
                0x00000000001004d7                _kgetline
                0x0000000000100855                _kntos
                0x000000000010048d                _kgetcolumn
                0x00000000001005e8                _kntohex
                0x0000000000100944                _kshiftAll
 *fill*         0x0000000000100bb9        0x3 00
 .text          0x0000000000100bbc      0x5e4 drivers/keyboard.o
                0x000000000010101c                _ksetleds
                0x0000000000101148                _kgetch
                0x000000000010112f                keyboard_disable
                0x0000000000101116                keyboard_enable
                0x0000000000100bbc                keyboard_isr
 .text          0x00000000001011a0      0x19a libc/ctype.o
                0x0000000000101270                islower
                0x00000000001012c0                tolower
                0x0000000000101238                isxdigit
                0x0000000000101298                isupper
                0x00000000001011c8                isalpha
                0x00000000001011fe                isalnum
                0x00000000001011a0                isdigit
                0x00000000001012fd                toupper
 *fill*         0x000000000010133a        0x2 00
 .text          0x000000000010133c      0x2eb libc/string.o
                0x00000000001014b7                strstr
                0x000000000010133c                strncpy
                0x0000000000101533                strtok
                0x00000000001015bd                strncat
                0x0000000000101446                strdup
                0x0000000000101410                memset
                0x000000000010139c                _kstrncmp
                0x0000000000101375                strlen
                0x0000000000101496                strchr
 *fill*         0x0000000000101627        0x1 00
 .text          0x0000000000101628       0x23 io/io.o
                0x0000000000101628                inportb
                0x0000000000101641                outportb
 *fill*         0x000000000010164b        0x1 00
 .text          0x000000000010164c      0x632 libc/stdio.o
                0x000000000010164c                putchar
                0x0000000000101756                printf
                0x0000000000101b2a                gets
                0x0000000000101b0f                getchar
                0x0000000000101b9d                scanf
                0x0000000000101666                atoi
 *fill*         0x0000000000101c7e        0x2 00
 .text          0x0000000000101c80      0x18c hardware/cpuid.o
                0x0000000000101c80                get_cpuid
 .text          0x0000000000101e0c       0x67 hardware/keyboard.o
                0x0000000000101e0c                keyboard_irq
 *fill*         0x0000000000101e73        0x1 00
 .text          0x0000000000101e74      0x1d0 processore/gdt.o
                0x0000000000101f50                add_GDTseg
                0x0000000000101e74                init_gdt
                0x0000000000101ffb                set_gdtr
 .text          0x0000000000102044      0x65d processore/idt.o
                0x0000000000102605                add_IDTseg
                0x0000000000102379                init_idt
                0x0000000000102679                set_idtr
 *fill*         0x00000000001026a1        0x3 00
 .text          0x00000000001026a4      0x38d processore/handlers.o
                0x00000000001026a4                init_funcTable
                0x000000000010299c                _irqinterrupt
                0x0000000000102726                _globalException
                0x0000000000102716                add_Interrupt
                0x0000000000102a1c                _int_rsv
 *fill*         0x0000000000102a31        0x3 00
 .text          0x0000000000102a34      0x747 hardware/pic8259.o
                0x0000000000102c65                init_IRQ
                0x0000000000102da1                setup_IRQ
                0x0000000000102fdc                disable_IRQ
                0x00000000001030bc                add_IRQ_handler
                0x0000000000102f08                enable_IRQ
                0x000000000010308e                get_current_irq
 *fill*         0x000000000010317b        0x1 00
 .text          0x000000000010317c      0x628 mem/fismem.o
                0x000000000010317c                init_mem
                0x0000000000103240                request_pages
                0x0000000000103600                add_memarea_element
                0x0000000000103716                get_numpages
                0x0000000000103710                get_memsize
                0x000000000010373c                malloc
                0x0000000000103729                get_bmpelements
                0x000000000010339b                release_pages
                0x00000000001036f4                calcola_memoria
                0x000000000010377a                free
 .text          0x00000000001037a4      0x2ca mem/paging.o
                0x00000000001038b2                create_pageTable
                0x00000000001037a4                init_paging
                0x00000000001039e1                get_pagedir_entry
                0x000000000010389c                create_pageDir
                0x0000000000103a28                load_pdbr
                0x000000000010398f                set_pagetable_entry_ric
                0x00000000001039fe                get_pagetable_entry
                0x00000000001038c8                set_pagedir_entry
                0x0000000000103909                set_pagedir_entry_ric
                0x000000000010394e                set_pagetable_entry
 *fill*         0x0000000000103a6e        0x2 00
 .text          0x0000000000103a70       0xba system/syscall.o
                0x0000000000103a70                sysputch
                0x0000000000103a96                syscall_handler
 *fill*         0x0000000000103b2a        0x2 00
 .text          0x0000000000103b2c       0xfa hardware/8253.o
                0x0000000000103bf7                sleep
                0x0000000000103b2c                PIT_handler
                0x0000000000103b97                configure_PIT
 *fill*         0x0000000000103c26        0x2 00
 .text          0x0000000000103c28      0x2f1 shell/shell.o
                0x0000000000103c7c                info
                0x0000000000103e2a                shell
                0x0000000000103c66                poweroff
                0x0000000000103c4f                help
                0x0000000000103c28                logo

.rodata         0x0000000000103f1c      0x765
 *(.rodata)
 .rodata        0x0000000000103f1c       0xe2 kernel.o
 .rodata        0x0000000000103ffe       0x70 io/video.o
 .rodata        0x000000000010406e       0x10 drivers/keyboard.o
 .rodata        0x000000000010407e        0x2 libc/stdio.o
 .rodata        0x0000000000104080       0x3e hardware/cpuid.o
 .rodata        0x00000000001040be       0x1d hardware/keyboard.o
 *fill*         0x00000000001040db        0x1 00
 .rodata        0x00000000001040dc      0x23e processore/handlers.o
 *fill*         0x000000000010431a        0x2 00
 .rodata        0x000000000010431c       0x8a mem/fismem.o
 *fill*         0x00000000001043a6        0x2 00
 .rodata        0x00000000001043a8       0x23 mem/paging.o
 *fill*         0x00000000001043cb        0x1 00
 .rodata        0x00000000001043cc        0xc system/syscall.o
 .rodata        0x00000000001043d8      0x2a9 shell/shell.o

.rel.dyn        0x0000000000104684        0x0 load address 0x0000000000104681
 .rel.text      0x0000000000000000        0x0 bl.img

.data           0x00000000001046a0    0x3376c
 *(.data)
 .data          0x00000000001046a0        0x0 kernel.o
 .data          0x00000000001046a0        0x9 io/video.o
                0x00000000001046a4                VIDEO_PTR
                0x00000000001046a8                VIDEO_CLR
                0x00000000001046a0                VIDEO_MEM
 *fill*         0x00000000001046a9       0x17 00
 .data          0x00000000001046c0      0x2f8 drivers/keyboard.o
 .data          0x00000000001049b8        0x0 libc/ctype.o
 .data          0x00000000001049b8        0x0 libc/string.o
 .data          0x00000000001049b8        0x0 io/io.o
 .data          0x00000000001049b8        0x0 libc/stdio.o
 .data          0x00000000001049b8        0x0 hardware/cpuid.o
 .data          0x00000000001049b8        0x0 hardware/keyboard.o
 .data          0x00000000001049b8        0x0 processore/gdt.o
 .data          0x00000000001049b8        0x0 processore/idt.o
 .data          0x00000000001049b8        0x0 processore/handlers.o
 .data          0x00000000001049b8        0x0 hardware/pic8259.o
 .data          0x00000000001049b8        0xc mem/fismem.o
                0x00000000001049b8                prova2
                0x00000000001049bc                mem_info_root
                0x00000000001049c0                mem_info
 .data          0x00000000001049c4        0x0 mem/paging.o
 .data          0x00000000001049c4        0x4 system/syscall.o
                0x00000000001049c4                syscall_table
 .data          0x00000000001049c8        0x0 hardware/8253.o
 .data          0x00000000001049c8        0x0 shell/shell.o
 *(.bss)
 .bss           0x00000000001049c8        0x0 kernel.o
 .bss           0x00000000001049c8       0x10 io/video.o
                0x00000000001049cc                is_shifted_once
                0x00000000001049c8                is_scrolled
                0x00000000001049d4                resulthex
                0x00000000001049d0                binlen
 *fill*         0x00000000001049d8        0x8 00
 .bss           0x00000000001049e0      0x434 drivers/keyboard.o
 .bss           0x0000000000104e14        0x0 libc/ctype.o
 .bss           0x0000000000104e14        0x4 libc/string.o
 .bss           0x0000000000104e18        0x0 io/io.o
 .bss           0x0000000000104e18        0x0 libc/stdio.o
 .bss           0x0000000000104e18        0x0 hardware/cpuid.o
 .bss           0x0000000000104e18        0x0 hardware/keyboard.o
 .bss           0x0000000000104e18        0x0 processore/gdt.o
 .bss           0x0000000000104e18        0x0 processore/idt.o
 .bss           0x0000000000104e18        0x0 processore/handlers.o
 .bss           0x0000000000104e18        0x0 hardware/pic8259.o
 .bss           0x0000000000104e18        0x4 mem/fismem.o
                0x0000000000104e18                num_pages
 .bss           0x0000000000104e1c        0x0 mem/paging.o
 .bss           0x0000000000104e1c        0x0 system/syscall.o
 .bss           0x0000000000104e1c        0x8 hardware/8253.o
 .bss           0x0000000000104e24        0x0 shell/shell.o
 *(COMMON)
 COMMON         0x0000000000104e24       0x10 kernel.o
                0x0000000000104e24                cpu_vendor
                0x0000000000104e30                current_page_table
 *fill*         0x0000000000104e34        0xc 00
 COMMON         0x0000000000104e40     0x233c io/video.o
                0x0000000000104e40                downbuffer
                0x0000000000105de0                upbuffer
                0x0000000000106d80                binvp
 *fill*         0x000000000010717c        0x4 00
 COMMON         0x0000000000107180    0x10004 processore/gdt.o
                0x0000000000107180                Gdt_Table
                0x0000000000117180                current_pos
 *fill*         0x0000000000117184       0x1c 00
 COMMON         0x00000000001171a0      0xc00 processore/idt.o
                0x00000000001171a0                IntTable
                0x00000000001175a0                IDT_Table
 COMMON         0x0000000000117da0       0x40 processore/handlers.o
                0x0000000000117da0                shareHandler
 COMMON         0x0000000000117de0        0x2 hardware/pic8259.o
                0x0000000000117de0                slave_cur_mask
                0x0000000000117de1                master_cur_mask
 *fill*         0x0000000000117de2       0x1e 00
 COMMON         0x0000000000117e00    0x20008 mem/fismem.o
                0x0000000000117e00                mem_bitmap
                0x0000000000137e00                tot_mem
                0x0000000000137e04                bmp_elements
 COMMON         0x0000000000137e08        0x4 mem/paging.o
                0x0000000000137e08                current_page_dir
                0x0000000000137e0c                end = .
                0x0000000000137e0c                _end = .
                0x0000000000137e0c                __end = .
LOAD bl.img
LOAD kernel.o
LOAD io/video.o
LOAD drivers/keyboard.o
LOAD libc/ctype.o
LOAD libc/string.o
LOAD io/io.o
LOAD libc/stdio.o
LOAD hardware/cpuid.o
LOAD hardware/keyboard.o
LOAD processore/gdt.o
LOAD processore/idt.o
LOAD processore/handlers.o
LOAD hardware/pic8259.o
LOAD mem/fismem.o
LOAD mem/paging.o
LOAD system/syscall.o
LOAD hardware/8253.o
LOAD shell/shell.o
Address of section .text set to 0x100000
OUTPUT(kernel.bin elf32-i386)

.comment        0x0000000000000000      0x229
 .comment       0x0000000000000000       0x1f bl.img
 .comment       0x000000000000001f       0x1d kernel.o
 .comment       0x000000000000003c       0x1d io/video.o
 .comment       0x0000000000000059       0x1d drivers/keyboard.o
 .comment       0x0000000000000076       0x1d libc/ctype.o
 .comment       0x0000000000000093       0x1d libc/string.o
 .comment       0x00000000000000b0       0x1d io/io.o
 .comment       0x00000000000000cd       0x1d libc/stdio.o
 .comment       0x00000000000000ea       0x1d hardware/cpuid.o
 .comment       0x0000000000000107       0x1d hardware/keyboard.o
 .comment       0x0000000000000124       0x1d processore/gdt.o
 .comment       0x0000000000000141       0x1d processore/idt.o
 .comment       0x000000000000015e       0x1d processore/handlers.o
 .comment       0x000000000000017b       0x1d hardware/pic8259.o
 .comment       0x0000000000000198       0x1d mem/fismem.o
 .comment       0x00000000000001b5       0x1d mem/paging.o
 .comment       0x00000000000001d2       0x1d system/syscall.o
 .comment       0x00000000000001ef       0x1d hardware/8253.o
 .comment       0x000000000000020c       0x1d shell/shell.o

.note.GNU-stack
                0x0000000000000000        0x0
 .note.GNU-stack
                0x0000000000000000        0x0 kernel.o
 .note.GNU-stack
                0x0000000000000000        0x0 io/video.o
 .note.GNU-stack
                0x0000000000000000        0x0 drivers/keyboard.o
 .note.GNU-stack
                0x0000000000000000        0x0 libc/ctype.o
 .note.GNU-stack
                0x0000000000000000        0x0 libc/string.o
 .note.GNU-stack
                0x0000000000000000        0x0 io/io.o
 .note.GNU-stack
                0x0000000000000000        0x0 libc/stdio.o
 .note.GNU-stack
                0x0000000000000000        0x0 hardware/cpuid.o
 .note.GNU-stack
                0x0000000000000000        0x0 hardware/keyboard.o
 .note.GNU-stack
                0x0000000000000000        0x0 processore/gdt.o
 .note.GNU-stack
                0x0000000000000000        0x0 processore/idt.o
 .note.GNU-stack
                0x0000000000000000        0x0 processore/handlers.o
 .note.GNU-stack
                0x0000000000000000        0x0 hardware/pic8259.o
 .note.GNU-stack
                0x0000000000000000        0x0 mem/fismem.o
 .note.GNU-stack
                0x0000000000000000        0x0 mem/paging.o
 .note.GNU-stack
                0x0000000000000000        0x0 system/syscall.o
 .note.GNU-stack
                0x0000000000000000        0x0 hardware/8253.o
 .note.GNU-stack
                0x0000000000000000        0x0 shell/shell.o
